[2025-05-19 20:04:18] Username not found in database: mirachelyn
[2025-05-19 20:04:46] Username not found in database: mirachelyn
[2025-05-19 20:04:58] Bedrock name invalid format: mirachelyn
[2025-05-19 20:09:59] Username not found in database: mirachelyn
[2025-05-20 09:34:57] Username not found in database: JukianaaAzura
[2025-05-23 09:33:03] Username not found in database: JuliusWuwung
[2025-05-24 13:10:45] Pterodactyl command sent for Senn0_
[2025-05-24 13:10:50] Pterodactyl command sent for Senn0_
[2025-05-24 13:59:33] Pterodactyl command sent for Senn0_
[2025-05-24 14:15:30] Pterodactyl command sent for Senn0_
[2025-05-24 14:15:42] Username not found in database: JukianaAzura
[2025-05-24 14:15:45] Username not found in database: JukianaAzura
[2025-05-24 14:15:52] Username not found in database: JukianaAzura
[2025-05-24 14:16:48] Username not found in database: JukianaAzura
[2025-05-24 14:16:55] Username not found in database: JuliusWuwung
[2025-05-24 14:17:05] Java name invalid format: .Senn0_
[2025-05-24 14:17:09] Bedrock name invalid format: Senn0_
[2025-05-24 14:17:14] Pterodactyl command sent for Senn0_
[2025-05-25 08:10:44] Pterodactyl command sent for Senn0_
[2025-05-25 08:30:52] Pterodactyl command sent for Senn0_
[2025-05-25 08:33:14] Pterodactyl command sent for Senn0_
[2025-05-25 08:39:28] Pterodactyl command sent for Senn0_
[2025-05-25 08:42:46] Pterodactyl command sent for Senn0_
[2025-05-25 08:43:28] Pterodactyl command sent for Senn0_
[2025-05-25 08:44:17] Pterodactyl command sent for Senn0_
[2025-05-25 08:52:48] Pterodactyl command sent for JukianaAzura
[2025-05-25 09:11:39] Pterodactyl command sent for JukianaAzura
[2025-05-25 09:17:25] Pterodactyl command sent for JukianaAzura
[2025-05-25 09:20:03] Bedrock name invalid format: JukianaAzura
[2025-05-25 09:20:11] Pterodactyl command sent for JukianaAzura
[2025-05-25 09:20:25] Bedrock name invalid format: JukianaAzura
[2025-05-25 09:20:31] Java name invalid format: .JukianaAzura
[2025-05-25 09:20:38] Bedrock name invalid format: JukianaAzura
[2025-05-25 09:20:46] Username not found in database: .JukianaAzura
[2025-05-25 09:21:04] Pterodactyl command sent for JukianaAzura
[2025-05-25 16:57:11] Pterodactyl command sent for JukianaAzura
[2025-05-26 05:00:03] Pterodactyl command sent for JukianaAzura
[2025-05-28 10:38:02] Pterodactyl command sent for JukianaAzura
[2025-05-28 10:42:36] Pterodactyl command sent for JukianaAzura
[2025-05-28 11:09:20] Pterodactyl command sent for JukianaAzura
[2025-05-28 15:10:03] Pterodactyl command sent for JukianaAzura
[2025-05-28 16:28:29] Pterodactyl command sent for Senn0_
[2025-05-30 09:13:36] Pterodactyl command sent for Senn0_
[2025-05-30 09:15:22] Bedrock name invalid format: JukianaAzura
[2025-05-30 09:15:52] Pterodactyl command sent for Senn0_
[2025-05-30 10:08:36] Pterodactyl command sent for JukianaAzura
[2025-05-30 16:04:08] Pterodactyl command sent for JukianaAzura
[2025-05-30 16:15:08] Pterodactyl command sent for JukianaAzura
[2025-05-30 17:10:27] Pterodactyl command sent for Senn0_
[2025-06-01 13:35:33] Pterodactyl command sent for JukianaAzura
[2025-06-01 13:36:01] Bedrock name invalid format: Senn0_
[2025-06-01 13:37:08] Bedrock name invalid format: JukianaAzura
[2025-06-01 13:49:36] Pterodactyl command sent for JukianaAzura
[2025-06-01 13:58:35] Pterodactyl command sent for JukianaAzura
[2025-06-01 14:01:26] Bedrock name invalid format: JukianaAzura
[2025-06-01 14:01:30] Bedrock name invalid format: Senn0_
[2025-06-01 14:02:42] Username not found in database: JuliusWuwung
[2025-06-01 14:02:46] Bedrock name invalid format: JukianaAzura
[2025-06-01 14:02:52] Pterodactyl command sent for JukianaAzura
[2025-06-01 14:20:35] Pterodactyl command sent for JukianaAzura
[2025-06-01 18:16:39] Pterodactyl command sent for JukianaAzura
[2025-06-01 18:37:07] Pterodactyl command sent for JukianaAzura
[2025-06-01 18:54:16] Pterodactyl command sent for JukianaAzura
[2025-06-01 19:01:51] Pterodactyl command sent for .Starfruit6142
[2025-06-01 19:06:23] Pterodactyl command sent for JukianaAzura
[2025-06-01 19:11:08] Pterodactyl command sent for JukianaAzura
[2025-06-01 19:13:38] Username not found in database: Starfruit
[2025-06-01 19:13:46] Pterodactyl command sent for Senn0_
[2025-06-01 19:32:54] Pterodactyl command sent for JukianaAzura
[2025-06-01 19:52:02] Pterodactyl command sent for JukianaAzura
[2025-06-02 06:59:18] Empty username submitted.
